// Jest Snapshot v1, https://goo.gl/fbAQLP

exports[`Home page matches snapshot 1`] = `
<DocumentFragment>
  <ul>
    <li>
      <a
        href="/a"
      >
        a
      </a>
    </li>
    <li>
      <a
        href="/b"
      >
        b
      </a>
    </li>
  </ul>
</DocumentFragment>
`;
